** Drc report for Driver.kicad_pcb **
** Created on 2025-03-02T20:49:00+0700 **

** Found 6 DRC violations **
[silk_edge_clearance]: Silkscreen clipped by board edge
    Rule: board setup constraints silk; warning
    @(174.5000 mm, 52.2000 mm): Segment on Edge.Cuts
    @(146.3000 mm, 59.1500 mm): Segment on F.Silkscreen
[silk_edge_clearance]: Silkscreen clipped by board edge
    Rule: board setup constraints silk; warning
    @(174.5000 mm, 52.2000 mm): Segment on Edge.Cuts
    @(155.5000 mm, 50.5500 mm): Segment on F.Silkscreen
[silk_edge_clearance]: Silkscreen clipped by board edge
    Rule: board setup constraints silk; warning
    @(113.7500 mm, 57.2000 mm): Segment on Edge.Cuts
    @(120.2200 mm, 103.0800 mm): Segment on F.Silkscreen
[silk_edge_clearance]: Silkscreen clipped by board edge
    Rule: board setup constraints silk; warning
    @(113.7500 mm, 57.2000 mm): Segment on Edge.Cuts
    @(120.2200 mm, 113.8200 mm): Segment on F.Silkscreen
[silk_edge_clearance]: Silkscreen clipped by board edge
    Rule: board setup constraints silk; warning
    @(174.5000 mm, 52.2000 mm): Segment on Edge.Cuts
    @(127.5000 mm, 49.7375 mm): Segment on F.Silkscreen
[silk_edge_clearance]: Silkscreen clipped by board edge
    Rule: board setup constraints silk; warning
    @(174.5000 mm, 52.2000 mm): Segment on Edge.Cuts
    @(143.0000 mm, 58.0875 mm): Segment on F.Silkscreen

** Found 0 unconnected pads **

** Found 0 Footprint errors **

** End of Report **
